
> @trade/portal@0.1.0 build
> node ../../packages/scripts/build-search-index.mjs && next build && node ../../packages/scripts/ci-check.mjs --out-dir=out --ci

Apps discovered: blog, portal, site
Generating search index for 48 locales...
  af: 1007 items (6S + 7B + 39F + 955C)
  ar: 1007 items (6S + 7B + 39F + 955C)
  az: 1007 items (6S + 7B + 39F + 955C)
  be: 1007 items (6S + 7B + 39F + 955C)
  bg: 1007 items (6S + 7B + 39F + 955C)
  bn: 1007 items (6S + 7B + 39F + 955C)
  ca: 1007 items (6S + 7B + 39F + 955C)
  cs: 1007 items (6S + 7B + 39F + 955C)
  da: 1007 items (6S + 7B + 39F + 955C)
  de: 1007 items (6S + 7B + 39F + 955C)
  el: 1007 items (6S + 7B + 39F + 955C)
  en: 1006 items (6S + 7B + 39F + 954C)
  es: 1007 items (6S + 7B + 39F + 955C)
  fa: 1007 items (6S + 7B + 39F + 955C)
  fi: 1007 items (6S + 7B + 39F + 955C)
  fr: 1007 items (6S + 7B + 39F + 955C)
  he: 1007 items (6S + 7B + 39F + 955C)
  hi: 1007 items (6S + 7B + 39F + 955C)
  hr: 1007 items (6S + 7B + 39F + 955C)
  hu: 1007 items (6S + 7B + 39F + 955C)
  hy: 1007 items (6S + 7B + 39F + 955C)
  id: 1007 items (6S + 7B + 39F + 955C)
  it: 1007 items (6S + 7B + 39F + 955C)
  ja: 1008 items (6S + 7B + 39F + 956C)
  ka: 1007 items (6S + 7B + 39F + 955C)
  ko: 1007 items (6S + 7B + 39F + 955C)
  ms: 1007 items (6S + 7B + 39F + 955C)
  ne: 1007 items (6S + 7B + 39F + 955C)
  nl: 1007 items (6S + 7B + 39F + 955C)
  no: 1007 items (6S + 7B + 39F + 955C)
  pl: 1007 items (6S + 7B + 39F + 955C)
  pt: 1007 items (6S + 7B + 39F + 955C)
  ro: 1007 items (6S + 7B + 39F + 955C)
  ru: 1007 items (6S + 7B + 39F + 955C)
  si: 1007 items (6S + 7B + 39F + 955C)
  sk: 1007 items (6S + 7B + 39F + 955C)
  sl: 1007 items (6S + 7B + 39F + 955C)
  sq: 1007 items (6S + 7B + 39F + 955C)
  sr: 1007 items (6S + 7B + 39F + 955C)
  sv: 1007 items (6S + 7B + 39F + 955C)
  sw: 1007 items (6S + 7B + 39F + 955C)
  ta: 1007 items (6S + 7B + 39F + 955C)
  th: 1007 items (6S + 7B + 39F + 955C)
  tr: 1007 items (6S + 7B + 39F + 955C)
  uk: 1007 items (6S + 7B + 39F + 955C)
  ur: 1007 items (6S + 7B + 39F + 955C)
  vi: 1007 items (6S + 7B + 39F + 955C)
  zh: 1007 items (6S + 7B + 39F + 955C)
Done.
▲ Next.js 16.2.6 (Turbopack)
- Environments: .env

  Creating an optimized production build ...
✓ Compiled successfully in 2.8s
  Running TypeScript ...
  Finished TypeScript in 5.6s ...
  Collecting page data using 19 workers ...
  Generating static pages using 19 workers (0/915) ...
  Generating static pages using 19 workers (228/915) 
  Generating static pages using 19 workers (457/915) 
  Generating static pages using 19 workers (686/915) 
