
> @trade/admin@6.6.0 prebuild
> node ../../packages/scripts/generate-segment-mapping.mjs && node ../../packages/scripts/discover-routes.mjs --emit-json


✅ Generated /root/projects/trade/web/apps/admin/src/lib/segment-mapping.ts
   11 blog article mappings (slug → Chinese title)

✅ Generated /root/projects/trade/web/apps/admin/functions/lib/known-routes.ts
   2737 known routes (48 locales, includePrivate=true)

> @trade/admin@6.6.0 build
> npx next build && bash scripts/postbuild.sh

▲ Next.js 16.2.6 (Turbopack)
- Environments: .env

  Creating an optimized production build ...
✓ Compiled successfully in 4.2s
  Running TypeScript ...
  Finished TypeScript in 4.0s ...
  Collecting page data using 14 workers ...
  Generating static pages using 14 workers (0/13) ...
  Generating static pages using 14 workers (3/13) 
  Generating static pages using 14 workers (6/13) 
  Generating static pages using 14 workers (9/13) 
✓ Generating static pages using 14 workers (13/13) in 697ms
  Finalizing page optimization ...

Route (app)
┌ ○ /
├ ○ /_not-found
├ ○ /dashboard
├ ○ /login
├ ○ /logs
├ ○ /payments
├ ○ /report-detail
├ ○ /reports
├ ○ /subscription-detail
├ ○ /subscriptions
├ ○ /user-detail
└ ○ /users


○  (Static)  prerendered as static content

✅ postbuild.sh: All content moved under out/admin/
   Root redirect: / → /admin/
